PASS __tests__/utils/assignmentUtils.test.ts
PASS __tests__/utils/dateTime.test.ts
FAIL __tests__/utils/notifications.test.ts
  ● Console

    console.log
      [Debug] ensureNotificationChannel execution

      at log (utils/notifications.ts:23:11)

    console.log
      [Notifications] Permission status: granted

      at log (utils/notifications.ts:77:13)

    console.error
      [Notifications] Error requesting permissions: TypeError: Notifications.setNotificationCategoryAsync is not a function
          at setNotificationCategoryAsync (C:\Users\YOU\Desktop\RemindMe\remindme\utils\notifications.ts:39:23)
          at Generator.next (<anonymous>)
          at asyncGeneratorStep (C:\Users\YOU\Desktop\RemindMe\remindme\node_modules\@babel\runtime\helpers\asyncToGenerator.js:3:17)
          at _next (C:\Users\YOU\Desktop\RemindMe\remindme\node_modules\@babel\runtime\helpers\asyncToGenerator.js:17:9)
          at C:\Users\YOU\Desktop\RemindMe\remindme\node_modules\@babel\runtime\helpers\asyncToGenerator.js:22:7
          at new Promise (<anonymous>)
          at C:\Users\YOU\Desktop\RemindMe\remindme\node_modules\@babel\runtime\helpers\asyncToGenerator.js:14:12
          at apply (C:\Users\YOU\Desktop\RemindMe\remindme\utils\notifications.ts:36:37)
          at registerNotificationCategories (C:\Users\YOU\Desktop\RemindMe\remindme\utils\notifications.ts:99:13)
          at Generator.next (<anonymous>)
          at asyncGeneratorStep (C:\Users\YOU\Desktop\RemindMe\remindme\node_modules\@babel\runtime\helpers\asyncToGenerator.js:3:17)
          at _next (C:\Users\YOU\Desktop\RemindMe\remindme\node_modules\@babel\runtime\helpers\asyncToGenerator.js:17:9)
          at processTicksAndRejections (node:internal/process/task_queues:105:5)

    [0m [90m 101 |[39m     [36mreturn[39m finalStatus [33m===[39m [32m'granted'[39m[33m;[39m
     [90m 102 |[39m   } [36mcatch[39m (error) {
    [31m[1m>[22m[39m[90m 103 |[39m     console[33m.[39merror([32m'[Notifications] Error requesting permissions:'[39m[33m,[39m error)[33m;[39m
     [90m     |[39m             [31m[1m^[22m[39m
     [90m 104 |[39m     [36mreturn[39m [36mfalse[39m[33m;[39m
     [90m 105 |[39m   }
     [90m 106 |[39m }[33m;[39m[0m

      at error (utils/notifications.ts:103:13)
          at Generator.throw (<anonymous>)
      at asyncGeneratorStep (node_modules/@babel/runtime/helpers/asyncToGenerator.js:3:17)
      at _throw (node_modules/@babel/runtime/helpers/asyncToGenerator.js:20:9)

    console.log
      [Notifications] Permission not granted

      at log (utils/notifications.ts:118:15)

    console.log
      [Notifications] Scheduled 2hr reminder for CS101 at 8:00:00 AM

      at log (utils/notifications.ts:363:13)

    console.log
      [Debug] scheduleBiWeeklyNotifications called { platform: 'ios', hasNotifications: true }

      at log (utils/notifications.ts:163:11)

    console.log
      [Debug] Calling ensureNotificationChannel

      at log (utils/notifications.ts:167:13)

    console.log
      [Debug] ensureNotificationChannel execution

      at log (utils/notifications.ts:23:11)

    console.log
      [Debug] Calling requestNotificationPermissions

      at log (utils/notifications.ts:169:13)

    console.log
      [Notifications] Permission status: granted

      at log (utils/notifications.ts:77:13)

    console.error
      [Notifications] Error requesting permissions: TypeError: Notifications.setNotificationCategoryAsync is not a function
          at setNotificationCategoryAsync (C:\Users\YOU\Desktop\RemindMe\remindme\utils\notifications.ts:39:23)
          at Generator.next (<anonymous>)
          at asyncGeneratorStep (C:\Users\YOU\Desktop\RemindMe\remindme\node_modules\@babel\runtime\helpers\asyncToGenerator.js:3:17)
          at _next (C:\Users\YOU\Desktop\RemindMe\remindme\node_modules\@babel\runtime\helpers\asyncToGenerator.js:17:9)
          at C:\Users\YOU\Desktop\RemindMe\remindme\node_modules\@babel\runtime\helpers\asyncToGenerator.js:22:7
          at new Promise (<anonymous>)
          at C:\Users\YOU\Desktop\RemindMe\remindme\node_modules\@babel\runtime\helpers\asyncToGenerator.js:14:12
          at apply (C:\Users\YOU\Desktop\RemindMe\remindme\utils\notifications.ts:36:37)
          at registerNotificationCategories (C:\Users\YOU\Desktop\RemindMe\remindme\utils\notifications.ts:99:13)
          at Generator.next (<anonymous>)
          at asyncGeneratorStep (C:\Users\YOU\Desktop\RemindMe\remindme\node_modules\@babel\runtime\helpers\asyncToGenerator.js:3:17)
          at _next (C:\Users\YOU\Desktop\RemindMe\remindme\node_modules\@babel\runtime\helpers\asyncToGenerator.js:17:9)
          at processTicksAndRejections (node:internal/process/task_queues:105:5)

    [0m [90m 101 |[39m     [36mreturn[39m finalStatus [33m===[39m [32m'granted'[39m[33m;[39m
     [90m 102 |[39m   } [36mcatch[39m (error) {
    [31m[1m>[22m[39m[90m 103 |[39m     console[33m.[39merror([32m'[Notifications] Error requesting permissions:'[39m[33m,[39m error)[33m;[39m
     [90m     |[39m             [31m[1m^[22m[39m
     [90m 104 |[39m     [36mreturn[39m [36mfalse[39m[33m;[39m
     [90m 105 |[39m   }
     [90m 106 |[39m }[33m;[39m[0m

      at error (utils/notifications.ts:103:13)
          at Generator.throw (<anonymous>)
      at asyncGeneratorStep (node_modules/@babel/runtime/helpers/asyncToGenerator.js:3:17)
      at _throw (node_modules/@babel/runtime/helpers/asyncToGenerator.js:20:9)

    console.log
      [Debug] hasPermission: false

      at log (utils/notifications.ts:171:13)

    console.log
      Scheduled IDs: 0 []

      at Object.log (__tests__/utils/notifications.test.ts:91:19)

    console.log
      [Debug] scheduleBiWeeklyNotifications called { platform: 'ios', hasNotifications: true }

      at log (utils/notifications.ts:163:11)

    console.log
      [Debug] Calling ensureNotificationChannel

      at log (utils/notifications.ts:167:13)

    console.log
      [Debug] ensureNotificationChannel execution

      at log (utils/notifications.ts:23:11)

    console.log
      [Debug] Calling requestNotificationPermissions

      at log (utils/notifications.ts:169:13)

    console.log
      [Notifications] Permission status: granted

      at log (utils/notifications.ts:77:13)

    console.error
      [Notifications] Error requesting permissions: TypeError: Notifications.setNotificationCategoryAsync is not a function
          at setNotificationCategoryAsync (C:\Users\YOU\Desktop\RemindMe\remindme\utils\notifications.ts:39:23)
          at Generator.next (<anonymous>)
          at asyncGeneratorStep (C:\Users\YOU\Desktop\RemindMe\remindme\node_modules\@babel\runtime\helpers\asyncToGenerator.js:3:17)
          at _next (C:\Users\YOU\Desktop\RemindMe\remindme\node_modules\@babel\runtime\helpers\asyncToGenerator.js:17:9)
          at C:\Users\YOU\Desktop\RemindMe\remindme\node_modules\@babel\runtime\helpers\asyncToGenerator.js:22:7
          at new Promise (<anonymous>)
          at C:\Users\YOU\Desktop\RemindMe\remindme\node_modules\@babel\runtime\helpers\asyncToGenerator.js:14:12
          at apply (C:\Users\YOU\Desktop\RemindMe\remindme\utils\notifications.ts:36:37)
          at registerNotificationCategories (C:\Users\YOU\Desktop\RemindMe\remindme\utils\notifications.ts:99:13)
          at Generator.next (<anonymous>)
          at asyncGeneratorStep (C:\Users\YOU\Desktop\RemindMe\remindme\node_modules\@babel\runtime\helpers\asyncToGenerator.js:3:17)
          at _next (C:\Users\YOU\Desktop\RemindMe\remindme\node_modules\@babel\runtime\helpers\asyncToGenerator.js:17:9)
          at processTicksAndRejections (node:internal/process/task_queues:105:5)

    [0m [90m 101 |[39m     [36mreturn[39m finalStatus [33m===[39m [32m'granted'[39m[33m;[39m
     [90m 102 |[39m   } [36mcatch[39m (error) {
    [31m[1m>[22m[39m[90m 103 |[39m     console[33m.[39merror([32m'[Notifications] Error requesting permissions:'[39m[33m,[39m error)[33m;[39m
     [90m     |[39m             [31m[1m^[22m[39m
     [90m 104 |[39m     [36mreturn[39m [36mfalse[39m[33m;[39m
     [90m 105 |[39m   }
     [90m 106 |[39m }[33m;[39m[0m

      at error (utils/notifications.ts:103:13)
          at Generator.throw (<anonymous>)
      at asyncGeneratorStep (node_modules/@babel/runtime/helpers/asyncToGenerator.js:3:17)
      at _throw (node_modules/@babel/runtime/helpers/asyncToGenerator.js:20:9)

    console.log
      [Debug] hasPermission: false

      at log (utils/notifications.ts:171:13)

  ● Notifications Logic › scheduleWeeklyNotification schedules with correct parameters

    expect(jest.fn()).toHaveBeenCalledTimes(expected)

    Expected number of calls: 1
    Received number of calls: 0

    [0m [90m 44 |[39m         [36mawait[39m scheduleWeeklyNotification(mockLecture[33m,[39m [35m15[39m)[33m;[39m
     [90m 45 |[39m         
    [31m[1m>[22m[39m[90m 46 |[39m         expect([33mNotifications[39m[33m.[39mscheduleNotificationAsync)[33m.[39mtoHaveBeenCalledTimes([35m1[39m)[33m;[39m
     [90m    |[39m                                                         [31m[1m^[22m[39m
     [90m 47 |[39m         [36mconst[39m callArgs [33m=[39m ([33mNotifications[39m[33m.[39mscheduleNotificationAsync [36mas[39m jest[33m.[39m[33mMock[39m)[33m.[39mmock[33m.[39mcalls[[35m0[39m][[35m0[39m][33m;[39m
     [90m 48 |[39m         
     [90m 49 |[39m         expect(callArgs[33m.[39mcontent[33m.[39mtitle)[33m.[39mtoBe([32m'CS101'[39m)[33m;[39m[0m

      at Object.toHaveBeenCalledTimes (__tests__/utils/notifications.test.ts:46:57)
      at asyncGeneratorStep (node_modules/@babel/runtime/helpers/asyncToGenerator.js:3:17)
      at _next (node_modules/@babel/runtime/helpers/asyncToGenerator.js:17:9)

  ● Notifications Logic › scheduleBiWeeklyNotifications › should schedule notifications every 2 weeks

    expect(received).toHaveLength(expected)

    Expected length: 4
    Received length: 0
    Received array:  []

    [0m [90m 90 |[39m           
     [90m 91 |[39m           console[33m.[39mlog([32m'Scheduled IDs:'[39m[33m,[39m ids[33m.[39mlength[33m,[39m ids)[33m;[39m
    [31m[1m>[22m[39m[90m 92 |[39m           expect(ids)[33m.[39mtoHaveLength([35m4[39m)[33m;[39m
     [90m    |[39m                       [31m[1m^[22m[39m
     [90m 93 |[39m           expect([33mNotifications[39m[33m.[39mscheduleNotificationAsync)[33m.[39mtoHaveBeenCalledTimes([35m4[39m)[33m;[39m
     [90m 94 |[39m
     [90m 95 |[39m           [90m// Verify dates in triggers[39m[0m

      at Object.toHaveLength (__tests__/utils/notifications.test.ts:92:23)
      at asyncGeneratorStep (node_modules/@babel/runtime/helpers/asyncToGenerator.js:3:17)
      at _next (node_modules/@babel/runtime/helpers/asyncToGenerator.js:17:9)

Test Suites: 1 failed, 2 passed, 3 total
Tests:       2 failed, 12 passed, 14 total
Snapshots:   0 total
Time:        0.797 s, estimated 2 s
Ran all test suites.
